Akira@nBook-Pro ~/DOCKER/Alpine % docker --help

Usage:  docker [OPTIONS] COMMAND

A self-sufficient runtime for containers

Options:
      --config string      Location of client config files (default "/Users/Akira/.docker")
  -c, --context string     Name of the context to use to connect to the daemon (overrides DOCKER_HOST env var and default context set with "docker context use")
  -D, --debug              Enable debug mode
  -H, --host list          Daemon socket(s) to connect to
  -l, --log-level string   Set the logging level ("debug"|"info"|"warn"|"error"|"fatal") (default "info")
      --tls                Use TLS; implied by --tlsverify
      --tlscacert string   Trust certs signed only by this CA (default "/Users/Akira/.docker/ca.pem")
      --tlscert string     Path to TLS certificate file (default "/Users/Akira/.docker/cert.pem")
      --tlskey string      Path to TLS key file (default "/Users/Akira/.docker/key.pem")
      --tlsverify          Use TLS and verify the remote
  -v, --version            Print version information and quit

Management Commands:
  builder     Manage builds
  buildx*     Docker Buildx (Docker Inc., v0.9.1)
  compose*    Docker Compose (Docker Inc., v2.12.0)
  config      Manage Docker configs
  container   Manage containers
  context     Manage contexts
  dev*        Docker Dev Environments (Docker Inc., v0.0.3)
  extension*  Manages Docker extensions (Docker Inc., v0.2.13)
  image       Manage images
  manifest    Manage Docker image manifests and manifest lists
  network     Manage networks
  node        Manage Swarm nodes
  plugin      Manage plugins
  sbom*       View the packaged-based Software Bill Of Materials (SBOM) for an image (Anchore Inc., 0.6.0)
  scan*       Docker Scan (Docker Inc., v0.21.0)
  secret      Manage Docker secrets
  service     Manage services
  stack       Manage Docker stacks
  swarm       Manage Swarm
  system      Manage Docker
  trust       Manage trust on Docker images
  volume      Manage volumes

Commands:
  attach      Attach local standard input, output, and error streams to a running container
  build       Build an image from a Dockerfile
  commit      Create a new image from a container's changes
  cp          Copy files/folders between a container and the local filesystem
  create      Create a new container
  diff        Inspect changes to files or directories on a container's filesystem
  events      Get real time events from the server
  exec        Run a command in a running container
  export      Export a container's filesystem as a tar archive
  history     Show the history of an image
  images      List images
  import      Import the contents from a tarball to create a filesystem image
  info        Display system-wide information
  inspect     Return low-level information on Docker objects
  kill        Kill one or more running containers
  load        Load an image from a tar archive or STDIN
  login       Log in to a Docker registry
  logout      Log out from a Docker registry
  logs        Fetch the logs of a container
  pause       Pause all processes within one or more containers
  port        List port mappings or a specific mapping for the container
  ps          List containers
  pull        Pull an image or a repository from a registry
  push        Push an image or a repository to a registry
  rename      Rename a container
  restart     Restart one or more containers
  rm          Remove one or more containers
  rmi         Remove one or more images
  run         Run a command in a new container
  save        Save one or more images to a tar archive (streamed to STDOUT by default)
  search      Search the Docker Hub for images
  start       Start one or more stopped containers
  stats       Display a live stream of container(s) resource usage statistics
  stop        Stop one or more running containers
  tag         Create a tag TARGET_IMAGE that refers to SOURCE_IMAGE
  top         Display the running processes of a container
  unpause     Unpause all processes within one or more containers
  update      Update configuration of one or more containers
  version     Show the Docker version information
  wait        Block until one or more containers stop, then print their exit codes

Run 'docker COMMAND --help' for more information on a command.

To get more help with docker, check out our guides at https://docs.docker.com/go/guides/
Akira@nBook-Pro ~/DOCKER/Alpine % docker compose --help

Usage:  docker compose [OPTIONS] COMMAND

Docker Compose

Options:
      --ansi string                Control when to print ANSI control characters ("never"|"always"|"auto") (default "auto")
      --compatibility              Run compose in backward compatibility mode
      --env-file string            Specify an alternate environment file.
  -f, --file stringArray           Compose configuration files
      --profile stringArray        Specify a profile to enable
      --project-directory string   Specify an alternate working directory
                                   (default: the path of the, first specified, Compose file)
  -p, --project-name string        Project name

Commands:
  build       Build or rebuild services
  convert     Converts the compose file to platform's canonical format
  cp          Copy files/folders between a service container and the local filesystem
  create      Creates containers for a service.
  down        Stop and remove containers, networks
  events      Receive real time events from containers.
  exec        Execute a command in a running container.
  images      List images used by the created containers
  kill        Force stop service containers.
  logs        View output from containers
  ls          List running compose projects
  pause       Pause services
  port        Print the public port for a port binding.
  ps          List containers
  pull        Pull service images
  push        Push service images
  restart     Restart service containers
  rm          Removes stopped service containers
  run         Run a one-off command on a service.
  start       Start services
  stop        Stop services
  top         Display the running processes
  unpause     Unpause services
  up          Create and start containers
  version     Show the Docker Compose version information

Run 'docker compose COMMAND --help' for more information on a command.
Akira@nBook-Pro ~/DOCKER/Alpine % docker compose up --help

Usage:  docker compose up [OPTIONS] [SERVICE...]

Create and start containers

Options:
      --abort-on-container-exit   Stops all containers if any container was stopped. Incompatible with -d
      --always-recreate-deps      Recreate dependent containers. Incompatible with --no-recreate.
      --attach stringArray        Attach to service output.
      --attach-dependencies       Attach to dependent containers.
      --build                     Build images before starting containers.
  -d, --detach                    Detached mode: Run containers in the background
      --exit-code-from string     Return the exit code of the selected service container. Implies --abort-on-container-exit
      --force-recreate            Recreate containers even if their configuration and image haven't changed.
      --no-build                  Don't build an image, even if it's missing.
      --no-color                  Produce monochrome output.
      --no-deps                   Don't start linked services.
      --no-log-prefix             Don't print prefix in logs.
      --no-recreate               If containers already exist, don't recreate them. Incompatible with --force-recreate.
      --no-start                  Don't start the services after creating them.
      --pull string               Pull image before running ("always"|"missing"|"never") (default "missing")
      --quiet-pull                Pull without printing progress information.
      --remove-orphans            Remove containers for services not defined in the Compose file.
  -V, --renew-anon-volumes        Recreate anonymous volumes instead of retrieving data from the previous containers.
      --scale scale               Scale SERVICE to NUM instances. Overrides the scale setting in the Compose file if present.
  -t, --timeout int               Use this timeout in seconds for container shutdown when attached or when containers are already running. (default 10)
      --wait                      Wait for services to be running|healthy. Implies detached mode.
Akira@nBook-Pro ~/DOCKER/Alpine % 
Akira@nBook-Pro ~/DOCKER/Alpine % 
Akira@nBook-Pro ~/DOCKER/Alpine % docker-compose --help

Usage:  docker compose [OPTIONS] COMMAND

Docker Compose

Options:
      --ansi string                Control when to print ANSI control characters ("never"|"always"|"auto") (default "auto")
      --compatibility              Run compose in backward compatibility mode
      --env-file string            Specify an alternate environment file.
  -f, --file stringArray           Compose configuration files
      --profile stringArray        Specify a profile to enable
      --project-directory string   Specify an alternate working directory
                                   (default: the path of the, first specified, Compose file)
  -p, --project-name string        Project name

Commands:
  build       Build or rebuild services
  convert     Converts the compose file to platform's canonical format
  cp          Copy files/folders between a service container and the local filesystem
  create      Creates containers for a service.
  down        Stop and remove containers, networks
  events      Receive real time events from containers.
  exec        Execute a command in a running container.
  images      List images used by the created containers
  kill        Force stop service containers.
  logs        View output from containers
  ls          List running compose projects
  pause       Pause services
  port        Print the public port for a port binding.
  ps          List containers
  pull        Pull service images
  push        Push service images
  restart     Restart service containers
  rm          Removes stopped service containers
  run         Run a one-off command on a service.
  start       Start services
  stop        Stop services
  top         Display the running processes
  unpause     Unpause services
  up          Create and start containers
  version     Show the Docker Compose version information

Run 'docker compose COMMAND --help' for more information on a command.
Akira@nBook-Pro ~/DOCKER/Alpine % docker-compose up --help

Usage:  docker compose up [OPTIONS] [SERVICE...]

Create and start containers

Options:
      --abort-on-container-exit   Stops all containers if any container was stopped. Incompatible with -d
      --always-recreate-deps      Recreate dependent containers. Incompatible with --no-recreate.
      --attach stringArray        Attach to service output.
      --attach-dependencies       Attach to dependent containers.
      --build                     Build images before starting containers.
  -d, --detach                    Detached mode: Run containers in the background
      --exit-code-from string     Return the exit code of the selected service container. Implies --abort-on-container-exit
      --force-recreate            Recreate containers even if their configuration and image haven't changed.
      --no-build                  Don't build an image, even if it's missing.
      --no-color                  Produce monochrome output.
      --no-deps                   Don't start linked services.
      --no-log-prefix             Don't print prefix in logs.
      --no-recreate               If containers already exist, don't recreate them. Incompatible with --force-recreate.
      --no-start                  Don't start the services after creating them.
      --pull string               Pull image before running ("always"|"missing"|"never") (default "missing")
      --quiet-pull                Pull without printing progress information.
      --remove-orphans            Remove containers for services not defined in the Compose file.
  -V, --renew-anon-volumes        Recreate anonymous volumes instead of retrieving data from the previous containers.
      --scale scale               Scale SERVICE to NUM instances. Overrides the scale setting in the Compose file if present.
  -t, --timeout int               Use this timeout in seconds for container shutdown when attached or when containers are already running. (default 10)
      --wait                      Wait for services to be running|healthy. Implies detached mode.

Akira@nBook-Pro ~/DOCKER/Alpine % docker compose build --help

Usage:  docker compose build [OPTIONS] [SERVICE...]

Build or rebuild services

Options:
      --build-arg stringArray   Set build-time variables for services.
      --no-cache                Do not use cache when building the image
      --progress string         Set type of progress output (auto, tty, plain, quiet) (default "auto")
      --pull                    Always attempt to pull a newer version of the image.
  -q, --quiet                   Don't print anything to STDOUT
      --ssh string              Set SSH authentications used when building service images. (use 'default' for using your default SSH Agent)
Akira@nBook-Pro ~/DOCKER/Alpine %

Process shell finished
